// Jest Snapshot v1, https://goo.gl/fbAQLP

exports[`Pagination 1`] = `
<DocumentFragment>
  <div
    class="pagination-container"
  >
    <select
      data-testid="pagination-select"
    >
      <option
        value="1"
      >
        1
      </option>
      <option
        value="2"
      >
        2
      </option>
      <option
        value="3"
      >
        3
      </option>
      <option
        value="4"
      >
        4
      </option>
      <option
        value="5"
      >
        5
      </option>
    </select>
    <div
      class="pagination-of"
    >
      of 5
    </div>
  </div>
</DocumentFragment>
`;
